{
  a: {
    y: 1,
  },
  c: {
    m: 2,
    n: null,
  },
}
